[    3243ms] [WARNING] Manifest: property 'name' ignored, type string expected. @ http://localhost:4321/manifest.webmanifest:0
[    3243ms] [WARNING] Manifest: property 'short_name' ignored, type string expected. @ http://localhost:4321/manifest.webmanifest:0
[  468965ms] [WARNING] Manifest: property 'name' ignored, type string expected. @ http://localhost:4321/manifest.webmanifest:0
[  468966ms] [WARNING] Manifest: property 'short_name' ignored, type string expected. @ http://localhost:4321/manifest.webmanifest:0
[  480326ms] [WARNING] Manifest: property 'name' ignored, type string expected. @ http://localhost:4321/manifest.webmanifest:0
[  480326ms] [WARNING] Manifest: property 'short_name' ignored, type string expected. @ http://localhost:4321/manifest.webmanifest:0
[  507985ms] [WARNING] Manifest: property 'name' ignored, type string expected. @ http://localhost:4321/manifest.webmanifest:0
[  507985ms] [WARNING] Manifest: property 'short_name' ignored, type string expected. @ http://localhost:4321/manifest.webmanifest:0
[  522424ms] [WARNING] Manifest: property 'name' ignored, type string expected. @ http://localhost:4321/manifest.webmanifest:0
[  522424ms] [WARNING] Manifest: property 'short_name' ignored, type string expected. @ http://localhost:4321/manifest.webmanifest:0
[  536334ms] [WARNING] Manifest: property 'name' ignored, type string expected. @ http://localhost:4321/manifest.webmanifest:0
[  536334ms] [WARNING] Manifest: property 'short_name' ignored, type string expected. @ http://localhost:4321/manifest.webmanifest:0
[  553793ms] [WARNING] Manifest: property 'name' ignored, type string expected. @ http://localhost:4321/manifest.webmanifest:0
[  553793ms] [WARNING] Manifest: property 'short_name' ignored, type string expected. @ http://localhost:4321/manifest.webmanifest:0
[  569067ms] [WARNING] Manifest: property 'name' ignored, type string expected. @ http://localhost:4321/manifest.webmanifest:0
[  569067ms] [WARNING] Manifest: property 'short_name' ignored, type string expected. @ http://localhost:4321/manifest.webmanifest:0
[  594845ms] [WARNING] Manifest: property 'name' ignored, type string expected. @ http://localhost:4321/manifest.webmanifest:0
[  594846ms] [WARNING] Manifest: property 'short_name' ignored, type string expected. @ http://localhost:4321/manifest.webmanifest:0
[  619746ms] [WARNING] Manifest: property 'name' ignored, type string expected. @ http://localhost:4321/manifest.webmanifest:0
[  619746ms] [WARNING] Manifest: property 'short_name' ignored, type string expected. @ http://localhost:4321/manifest.webmanifest:0
[ 1090338ms] [WARNING] Manifest: property 'name' ignored, type string expected. @ http://localhost:4321/manifest.webmanifest:0
[ 1090338ms] [WARNING] Manifest: property 'short_name' ignored, type string expected. @ http://localhost:4321/manifest.webmanifest:0
